// Jest Snapshot v1, https://goo.gl/fbAQLP

exports[`full app rendering withou error 1`] = `
Object {
  "asFragment": [Function],
  "baseElement": <body>
    <div>
      <div
        class="main-app"
      >
        <div
          class="dash-container"
          style="opacity: 0;"
        >
          <div>
            <div
              class="clock"
            >
              11:04:11 AM
            </div>
          </div>
          <div
            class="container"
          >
            <div
              class="row"
            >
              <div
                class="col-sm"
              >
                Welcome, 
                sth
                 
                <img
                  alt="dymion"
                  class="avatar"
                  src="https://frontendbastards.nl/images/fe/team/dymion.svg"
                />
              </div>
              <div
                class="col-sm"
              >
                 Worked 
                 hours last month
              </div>
              <div
                class="col-sm"
              >
                Why even 
              </div>
            </div>
          </div>
          <button
            class="btn-dash"
            data-testid="test-display-router"
          >
            Display Your Hours
          </button>
          <button
            class="btn-dash"
            data-testid="test-insert-router"
          >
            Insert New Log
          </button>
          <button
            class="btn-dash"
            data-testid="test-edit-router"
          >
            Edit Your Hours
          </button>
          <button
            class="btn-dash"
            data-testid="test-upload-router"
          >
            Upload Image
          </button>
          <br />
          <button
            class="btn-logout"
            data-testid="test-logout"
          >
             
            Log Out
          </button>
        </div>
      </div>
    </div>
  </body>,
  "container": <div>
    <div
      class="main-app"
    >
      <div
        class="dash-container"
        style="opacity: 0;"
      >
        <div>
          <div
            class="clock"
          >
            11:04:11 AM
          </div>
        </div>
        <div
          class="container"
        >
          <div
            class="row"
          >
            <div
              class="col-sm"
            >
              Welcome, 
              sth
               
              <img
                alt="dymion"
                class="avatar"
                src="https://frontendbastards.nl/images/fe/team/dymion.svg"
              />
            </div>
            <div
              class="col-sm"
            >
               Worked 
               hours last month
            </div>
            <div
              class="col-sm"
            >
              Why even 
            </div>
          </div>
        </div>
        <button
          class="btn-dash"
          data-testid="test-display-router"
        >
          Display Your Hours
        </button>
        <button
          class="btn-dash"
          data-testid="test-insert-router"
        >
          Insert New Log
        </button>
        <button
          class="btn-dash"
          data-testid="test-edit-router"
        >
          Edit Your Hours
        </button>
        <button
          class="btn-dash"
          data-testid="test-upload-router"
        >
          Upload Image
        </button>
        <br />
        <button
          class="btn-logout"
          data-testid="test-logout"
        >
           
          Log Out
        </button>
      </div>
    </div>
  </div>,
  "debug": [Function],
  "findAllByAltText": [Function],
  "findAllByDisplayValue": [Function],
  "findAllByLabelText": [Function],
  "findAllByPlaceholderText": [Function],
  "findAllByRole": [Function],
  "findAllByTestId": [Function],
  "findAllByText": [Function],
  "findAllByTitle": [Function],
  "findByAltText": [Function],
  "findByDisplayValue": [Function],
  "findByLabelText": [Function],
  "findByPlaceholderText": [Function],
  "findByRole": [Function],
  "findByTestId": [Function],
  "findByText": [Function],
  "findByTitle": [Function],
  "getAllByAltText": [Function],
  "getAllByDisplayValue": [Function],
  "getAllByLabelText": [Function],
  "getAllByPlaceholderText": [Function],
  "getAllByRole": [Function],
  "getAllByTestId": [Function],
  "getAllByText": [Function],
  "getAllByTitle": [Function],
  "getByAltText": [Function],
  "getByDisplayValue": [Function],
  "getByLabelText": [Function],
  "getByPlaceholderText": [Function],
  "getByRole": [Function],
  "getByTestId": [Function],
  "getByText": [Function],
  "getByTitle": [Function],
  "queryAllByAltText": [Function],
  "queryAllByDisplayValue": [Function],
  "queryAllByLabelText": [Function],
  "queryAllByPlaceholderText": [Function],
  "queryAllByRole": [Function],
  "queryAllByTestId": [Function],
  "queryAllByText": [Function],
  "queryAllByTitle": [Function],
  "queryByAltText": [Function],
  "queryByDisplayValue": [Function],
  "queryByLabelText": [Function],
  "queryByPlaceholderText": [Function],
  "queryByRole": [Function],
  "queryByTestId": [Function],
  "queryByText": [Function],
  "queryByTitle": [Function],
  "rerender": [Function],
  "unmount": [Function],
}
`;
